current directory: /home/ubuntu/.rvm/gems/ruby-3.4.4/gems/io-console-0.8.0/ext/io/console
/home/ubuntu/.rvm/rubies/ruby-3.4.4/bin/ruby extconf.rb
checking for rb_syserr_fail_str(0, Qnil)... yes
checking for rb_interned_str_cstr()... yes
checking for rb_io_path()... yes
checking for rb_io_descriptor()... yes
checking for rb_io_get_write_io()... yes
checking for rb_io_closed_p()... yes
checking for rb_io_open_descriptor()... yes
checking for rb_ractor_local_storage_value_newkey()... yes
checking for termios.h... yes
checking for cfmakeraw() in termios.h... yes
checking for sys/ioctl.h... yes
checking for HAVE_RUBY_FIBER_SCHEDULER_H... yes
checking for ttyname_r()... yes
creating Makefile

current directory: /home/ubuntu/.rvm/gems/ruby-3.4.4/gems/io-console-0.8.0/ext/io/console
make DESTDIR\= sitearchdir\=./.gem.20250807-31312-9ei9o2 sitelibdir\=./.gem.20250807-31312-9ei9o2 clean

current directory: /home/ubuntu/.rvm/gems/ruby-3.4.4/gems/io-console-0.8.0/ext/io/console
make DESTDIR\= sitearchdir\=./.gem.20250807-31312-9ei9o2 sitelibdir\=./.gem.20250807-31312-9ei9o2
compiling console.c
linking shared-object io/console.so

current directory: /home/ubuntu/.rvm/gems/ruby-3.4.4/gems/io-console-0.8.0/ext/io/console
make DESTDIR\= sitearchdir\=./.gem.20250807-31312-9ei9o2 sitelibdir\=./.gem.20250807-31312-9ei9o2 install
/usr/bin/install -m 0755 console.so ./.gem.20250807-31312-9ei9o2/io

current directory: /home/ubuntu/.rvm/gems/ruby-3.4.4/gems/io-console-0.8.0/ext/io/console
make DESTDIR\= sitearchdir\=./.gem.20250807-31312-9ei9o2 sitelibdir\=./.gem.20250807-31312-9ei9o2 clean
