[2025-08-07 08:04:27] requirements_debian_update_system
requirements_debian_update_system () 
{ 
    __rvm_try_sudo apt-get --quiet --yes update || { 
        \typeset __ret=$?;
        case ${__ret} in 
            100)
                rvm_error "There has been an error while updating your system using \`apt-get\`.
It seems that there are some 404 Not Found errors for repositories listed in:

    /etc/apt/sources.list
    /etc/apt/sources.list.d/*.list

Make sure that all repositories are available from your system and verify your setup by running manually:

    sudo apt-get update

Make sure that it works correctly before proceeding with RVM.

If you are working from the GUI instead of the terminal, you might want to verify and fix broken
repositories using \"Software & Updates\" application.
"
            ;;
        esac;
        return ${__ret}
    }
}
current path: /home/ubuntu
GEM_PATH=/home/ubuntu/.rvm/gems/ruby-3.2.2:/home/ubuntu/.rvm/gems/ruby-3.2.2@global
GEM_HOME=/home/ubuntu/.rvm/gems/ruby-3.2.2
PATH=/home/ubuntu/.rvm/gems/ruby-3.2.2/bin:/home/ubuntu/.rvm/gems/ruby-3.2.2@global/bin:/home/ubuntu/.rvm/rubies/ruby-3.2.2/bin:/home/ubuntu/.rvm/bin:/usr/local/sbin:/usr/local/bin:/usr/sbin:/usr/bin:/sbin:/bin:/usr/games:/usr/local/games:/snap/bin
command(2): requirements_debian_update_system ruby-3.4.4
++ __rvm_try_sudo apt-get --quiet --yes update
++ typeset -a command_to_run
++ typeset sudo_path sbin_path missing_paths
++ command_to_run=("$@")
++ ((  UID == 0  ))
++ case "$rvm_autolibs_flag_number" in
++ is_a_function __rvm_sudo
++ typeset -f __rvm_sudo
++ missing_paths=
++ for sbin_path in /sbin /usr/sbin /usr/local/sbin
++ [[ -d /sbin ]]
++ [[ :/home/ubuntu/.rvm/gems/ruby-3.2.2/bin:/home/ubuntu/.rvm/gems/ruby-3.2.2@global/bin:/home/ubuntu/.rvm/rubies/ruby-3.2.2/bin:/home/ubuntu/.rvm/bin:/usr/local/sbin:/usr/local/bin:/usr/sbin:/usr/bin:/sbin:/bin:/usr/games:/usr/local/games:/snap/bin: != *\:\/\s\b\i\n\:* ]]
++ for sbin_path in /sbin /usr/sbin /usr/local/sbin
++ [[ -d /usr/sbin ]]
++ [[ :/home/ubuntu/.rvm/gems/ruby-3.2.2/bin:/home/ubuntu/.rvm/gems/ruby-3.2.2@global/bin:/home/ubuntu/.rvm/rubies/ruby-3.2.2/bin:/home/ubuntu/.rvm/bin:/usr/local/sbin:/usr/local/bin:/usr/sbin:/usr/bin:/sbin:/bin:/usr/games:/usr/local/games:/snap/bin: != *\:\/\u\s\r\/\s\b\i\n\:* ]]
++ for sbin_path in /sbin /usr/sbin /usr/local/sbin
++ [[ -d /usr/local/sbin ]]
++ [[ :/home/ubuntu/.rvm/gems/ruby-3.2.2/bin:/home/ubuntu/.rvm/gems/ruby-3.2.2@global/bin:/home/ubuntu/.rvm/rubies/ruby-3.2.2/bin:/home/ubuntu/.rvm/bin:/usr/local/sbin:/usr/local/bin:/usr/sbin:/usr/bin:/sbin:/bin:/usr/games:/usr/local/games:/snap/bin: != *\:\/\u\s\r\/\l\o\c\a\l\/\s\b\i\n\:* ]]
++ [[ -n '' ]]
++ command_to_run=(__rvm_sudo -p "%p password required for '$*': " "${command_to_run[@]}")
++ __rvm_sudo -p '%p password required for '\''apt-get --quiet --yes update'\'': ' apt-get --quiet --yes update
++ command sudo -p '%p password required for '\''apt-get --quiet --yes update'\'': ' apt-get --quiet --yes update
Hit:1 http://ap-south-1.ec2.archive.ubuntu.com/ubuntu noble InRelease
Hit:2 http://ap-south-1.ec2.archive.ubuntu.com/ubuntu noble-updates InRelease
Hit:3 http://ap-south-1.ec2.archive.ubuntu.com/ubuntu noble-backports InRelease
Hit:4 https://deb.nodesource.com/node_18.x nodistro InRelease
Hit:5 https://dl.yarnpkg.com/debian stable InRelease
Hit:6 http://security.ubuntu.com/ubuntu noble-security InRelease
Reading package lists...
W: https://dl.yarnpkg.com/debian/dists/stable/InRelease: Key is stored in legacy trusted.gpg keyring (/etc/apt/trusted.gpg), see the DEPRECATION section in apt-key(8) for details.
