current directory: /home/travis/.rvm/rubies/ruby-3.2.2/lib/ruby/gems/3.2.0/gems/executable-hooks-1.7.1/ext/wrapper_installer
/home/travis/.rvm/rubies/ruby-3.2.2/bin/ruby extconf.rb
bundler 2.4.10
debug 1.7.1
erb 4.0.2
irb 1.6.2
racc 1.6.2
rake 13.0.6
rbs 2.8.2
rdoc 6.5.0
typeprof 0.21.3

current directory: /home/travis/.rvm/rubies/ruby-3.2.2/lib/ruby/gems/3.2.0/gems/executable-hooks-1.7.1/ext/wrapper_installer
make DESTDIR\= sitearchdir\=./.gem.20250805-27647-rj6ad8 sitelibdir\=./.gem.20250805-27647-rj6ad8 clean
make: *** No rule to make target 'clean'.  Stop.

current directory: /home/travis/.rvm/rubies/ruby-3.2.2/lib/ruby/gems/3.2.0/gems/executable-hooks-1.7.1/ext/wrapper_installer
make DESTDIR\= sitearchdir\=./.gem.20250805-27647-rj6ad8 sitelibdir\=./.gem.20250805-27647-rj6ad8
make: Nothing to be done for 'all'.

current directory: /home/travis/.rvm/rubies/ruby-3.2.2/lib/ruby/gems/3.2.0/gems/executable-hooks-1.7.1/ext/wrapper_installer
make DESTDIR\= sitearchdir\=./.gem.20250805-27647-rj6ad8 sitelibdir\=./.gem.20250805-27647-rj6ad8 install
make: Nothing to be done for 'install'.

current directory: /home/travis/.rvm/rubies/ruby-3.2.2/lib/ruby/gems/3.2.0/gems/executable-hooks-1.7.1/ext/wrapper_installer
make DESTDIR\= sitearchdir\=./.gem.20250805-27647-rj6ad8 sitelibdir\=./.gem.20250805-27647-rj6ad8 clean
make: *** No rule to make target 'clean'.  Stop.
