current directory: /home/ubuntu/.rvm/gems/ruby-3.4.4/gems/psych-5.2.6/ext/psych
/home/ubuntu/.rvm/rubies/ruby-3.4.4/bin/ruby extconf.rb
checking for pkg-config for yaml-0.1... [" ", "", "-lyaml"]
checking for yaml.h... yes
checking for yaml_get_version() in -lyaml... yes
creating Makefile

current directory: /home/ubuntu/.rvm/gems/ruby-3.4.4/gems/psych-5.2.6/ext/psych
make DESTDIR\= sitearchdir\=./.gem.20250807-31312-qpyv74 sitelibdir\=./.gem.20250807-31312-qpyv74 clean
cd libyaml && make clean
/bin/sh: 1: cd: can't cd to libyaml
make: [Makefile:287: clean-so] Error 2 (ignored)

current directory: /home/ubuntu/.rvm/gems/ruby-3.4.4/gems/psych-5.2.6/ext/psych
make DESTDIR\= sitearchdir\=./.gem.20250807-31312-qpyv74 sitelibdir\=./.gem.20250807-31312-qpyv74
compiling psych.c
compiling psych_emitter.c
compiling psych_parser.c
compiling psych_to_ruby.c
compiling psych_yaml_tree.c
linking shared-object psych.so

current directory: /home/ubuntu/.rvm/gems/ruby-3.4.4/gems/psych-5.2.6/ext/psych
make DESTDIR\= sitearchdir\=./.gem.20250807-31312-qpyv74 sitelibdir\=./.gem.20250807-31312-qpyv74 install
/usr/bin/install -m 0755 psych.so ./.gem.20250807-31312-qpyv74

current directory: /home/ubuntu/.rvm/gems/ruby-3.4.4/gems/psych-5.2.6/ext/psych
make DESTDIR\= sitearchdir\=./.gem.20250807-31312-qpyv74 sitelibdir\=./.gem.20250807-31312-qpyv74 clean
cd libyaml && make clean
/bin/sh: 1: cd: can't cd to libyaml
make: [Makefile:287: clean-so] Error 2 (ignored)
