current directory: /home/ubuntu/.rvm/gems/ruby-3.4.4/gems/date-3.4.1/ext/date
/home/ubuntu/.rvm/rubies/ruby-3.4.4/bin/ruby extconf.rb
checking for rb_category_warn()... yes
checking for timezone in time.h with -Werror... yes
checking for altzone in time.h with -Werror... no
creating Makefile

current directory: /home/ubuntu/.rvm/gems/ruby-3.4.4/gems/date-3.4.1/ext/date
make DESTDIR\= sitearchdir\=./.gem.20250807-31312-wg4zcw sitelibdir\=./.gem.20250807-31312-wg4zcw clean

current directory: /home/ubuntu/.rvm/gems/ruby-3.4.4/gems/date-3.4.1/ext/date
make DESTDIR\= sitearchdir\=./.gem.20250807-31312-wg4zcw sitelibdir\=./.gem.20250807-31312-wg4zcw
compiling date_core.c
compiling date_parse.c
compiling date_strftime.c
compiling date_strptime.c
linking shared-object date_core.so

current directory: /home/ubuntu/.rvm/gems/ruby-3.4.4/gems/date-3.4.1/ext/date
make DESTDIR\= sitearchdir\=./.gem.20250807-31312-wg4zcw sitelibdir\=./.gem.20250807-31312-wg4zcw install
/usr/bin/install -m 0755 date_core.so ./.gem.20250807-31312-wg4zcw

current directory: /home/ubuntu/.rvm/gems/ruby-3.4.4/gems/date-3.4.1/ext/date
make DESTDIR\= sitearchdir\=./.gem.20250807-31312-wg4zcw sitelibdir\=./.gem.20250807-31312-wg4zcw clean
