current directory: /home/ubuntu/.rvm/gems/ruby-3.4.4/gems/bcrypt_pbkdf-1.1.1/ext/mri
/home/ubuntu/.rvm/rubies/ruby-3.4.4/bin/ruby extconf.rb
creating Makefile

current directory: /home/ubuntu/.rvm/gems/ruby-3.4.4/gems/bcrypt_pbkdf-1.1.1/ext/mri
make DESTDIR\= sitearchdir\=./.gem.20250807-31312-ap83xy sitelibdir\=./.gem.20250807-31312-ap83xy clean

current directory: /home/ubuntu/.rvm/gems/ruby-3.4.4/gems/bcrypt_pbkdf-1.1.1/ext/mri
make DESTDIR\= sitearchdir\=./.gem.20250807-31312-ap83xy sitelibdir\=./.gem.20250807-31312-ap83xy
compiling bcrypt_pbkdf.c
compiling bcrypt_pbkdf_ext.c
bcrypt_pbkdf_ext.c: In function ‘Init_bcrypt_pbkdf_ext’:
bcrypt_pbkdf_ext.c:38:6: warning: old-style function definition [-Wold-style-definition]
   38 | void Init_bcrypt_pbkdf_ext(){
      |      ^~~~~~~~~~~~~~~~~~~~~
At top level:
cc1: note: unrecognized command-line option ‘-Wno-self-assign’ may have been intended to silence earlier diagnostics
cc1: note: unrecognized command-line option ‘-Wno-parentheses-equality’ may have been intended to silence earlier diagnostics
cc1: note: unrecognized command-line option ‘-Wno-constant-logical-operand’ may have been intended to silence earlier diagnostics
compiling blowfish.c
compiling explicit_bzero.c
compiling hash_sha512.c
linking shared-object bcrypt_pbkdf_ext.so

current directory: /home/ubuntu/.rvm/gems/ruby-3.4.4/gems/bcrypt_pbkdf-1.1.1/ext/mri
make DESTDIR\= sitearchdir\=./.gem.20250807-31312-ap83xy sitelibdir\=./.gem.20250807-31312-ap83xy install
/usr/bin/install -m 0755 bcrypt_pbkdf_ext.so ./.gem.20250807-31312-ap83xy

current directory: /home/ubuntu/.rvm/gems/ruby-3.4.4/gems/bcrypt_pbkdf-1.1.1/ext/mri
make DESTDIR\= sitearchdir\=./.gem.20250807-31312-ap83xy sitelibdir\=./.gem.20250807-31312-ap83xy clean
