current directory: /home/ubuntu/.rvm/gems/ruby-3.4.4/gems/websocket-driver-0.8.0/ext/websocket-driver
/home/ubuntu/.rvm/rubies/ruby-3.4.4/bin/ruby extconf.rb
creating Makefile

current directory: /home/ubuntu/.rvm/gems/ruby-3.4.4/gems/websocket-driver-0.8.0/ext/websocket-driver
make DESTDIR\= sitearchdir\=./.gem.20250807-28785-6ppn7g sitelibdir\=./.gem.20250807-28785-6ppn7g clean

current directory: /home/ubuntu/.rvm/gems/ruby-3.4.4/gems/websocket-driver-0.8.0/ext/websocket-driver
make DESTDIR\= sitearchdir\=./.gem.20250807-28785-6ppn7g sitelibdir\=./.gem.20250807-28785-6ppn7g
compiling websocket_mask.c
websocket_mask.c: In function ‘Init_websocket_mask’:
websocket_mask.c:26:6: warning: old-style function definition [-Wold-style-definition]
   26 | void Init_websocket_mask()
      |      ^~~~~~~~~~~~~~~~~~~
At top level:
cc1: note: unrecognized command-line option ‘-Wno-self-assign’ may have been intended to silence earlier diagnostics
cc1: note: unrecognized command-line option ‘-Wno-parentheses-equality’ may have been intended to silence earlier diagnostics
cc1: note: unrecognized command-line option ‘-Wno-constant-logical-operand’ may have been intended to silence earlier diagnostics
linking shared-object websocket_mask.so

current directory: /home/ubuntu/.rvm/gems/ruby-3.4.4/gems/websocket-driver-0.8.0/ext/websocket-driver
make DESTDIR\= sitearchdir\=./.gem.20250807-28785-6ppn7g sitelibdir\=./.gem.20250807-28785-6ppn7g install
/usr/bin/install -m 0755 websocket_mask.so ./.gem.20250807-28785-6ppn7g

current directory: /home/ubuntu/.rvm/gems/ruby-3.4.4/gems/websocket-driver-0.8.0/ext/websocket-driver
make DESTDIR\= sitearchdir\=./.gem.20250807-28785-6ppn7g sitelibdir\=./.gem.20250807-28785-6ppn7g clean
