current directory: /home/ubuntu/.rvm/gems/ruby-3.4.4/gems/unicode-0.4.4.5/ext/unicode
/home/ubuntu/.rvm/rubies/ruby-3.4.4/bin/ruby extconf.rb
creating Makefile

current directory: /home/ubuntu/.rvm/gems/ruby-3.4.4/gems/unicode-0.4.4.5/ext/unicode
make DESTDIR\= sitearchdir\=./.gem.20250807-31312-a78haf sitelibdir\=./.gem.20250807-31312-a78haf clean

current directory: /home/ubuntu/.rvm/gems/ruby-3.4.4/gems/unicode-0.4.4.5/ext/unicode
make DESTDIR\= sitearchdir\=./.gem.20250807-31312-a78haf sitelibdir\=./.gem.20250807-31312-a78haf
compiling unicode.c
unicode.c: In function ‘Init_unicode_native’:
unicode.c:1238:1: warning: old-style function definition [-Wold-style-definition]
 1238 | Init_unicode_native()
      | ^~~~~~~~~~~~~~~~~~~
At top level:
cc1: note: unrecognized command-line option ‘-Wno-self-assign’ may have been intended to silence earlier diagnostics
cc1: note: unrecognized command-line option ‘-Wno-parentheses-equality’ may have been intended to silence earlier diagnostics
cc1: note: unrecognized command-line option ‘-Wno-constant-logical-operand’ may have been intended to silence earlier diagnostics
compiling ustring.c
compiling wstring.c
linking shared-object unicode/unicode_native.so

current directory: /home/ubuntu/.rvm/gems/ruby-3.4.4/gems/unicode-0.4.4.5/ext/unicode
make DESTDIR\= sitearchdir\=./.gem.20250807-31312-a78haf sitelibdir\=./.gem.20250807-31312-a78haf install
/usr/bin/install -m 0755 unicode_native.so ./.gem.20250807-31312-a78haf/unicode

current directory: /home/ubuntu/.rvm/gems/ruby-3.4.4/gems/unicode-0.4.4.5/ext/unicode
make DESTDIR\= sitearchdir\=./.gem.20250807-31312-a78haf sitelibdir\=./.gem.20250807-31312-a78haf clean
