[2025-08-07 08:04:59] alias_create_execute
alias_create_execute () 
{ 
    for _path in "$rvm_rubies_path" "$rvm_gems_path" "$rvm_environments_path" "$rvm_wrappers_path";
    do
        if [[ -L "$_path/$alias_name" ]]; then
            \command \rm -fv "$_path/$alias_name" || return $?;
        fi;
        \command \ln -fs "$_path/$rvm_ruby_string" "$_path/$alias_name" || return $?;
    done;
    __rvm_db_ "$rvm_path/config/alias" "$alias_name" "$rvm_ruby_string"
}
current path: /home/ubuntu
GEM_PATH=/home/ubuntu/.rvm/gems/ruby-3.4.4:/home/ubuntu/.rvm/gems/ruby-3.4.4@global
GEM_HOME=/home/ubuntu/.rvm/gems/ruby-3.4.4
PATH=/home/ubuntu/.rvm/gems/ruby-3.4.4/bin:/home/ubuntu/.rvm/gems/ruby-3.4.4@global/bin:/home/ubuntu/.rvm/rubies/ruby-3.4.4/bin:/home/ubuntu/.rvm/bin:/usr/local/sbin:/usr/local/bin:/usr/sbin:/usr/bin:/sbin:/bin:/usr/games:/usr/local/games:/snap/bin
command(1): alias_create_execute
+ for _path in "$rvm_rubies_path" "$rvm_gems_path" "$rvm_environments_path" "$rvm_wrappers_path"
+ [[ -L /home/ubuntu/.rvm/rubies/default ]]
+ command ln -fs /home/ubuntu/.rvm/rubies/ruby-3.4.4 /home/ubuntu/.rvm/rubies/default
+ for _path in "$rvm_rubies_path" "$rvm_gems_path" "$rvm_environments_path" "$rvm_wrappers_path"
+ [[ -L /home/ubuntu/.rvm/gems/default ]]
+ command ln -fs /home/ubuntu/.rvm/gems/ruby-3.4.4 /home/ubuntu/.rvm/gems/default
+ for _path in "$rvm_rubies_path" "$rvm_gems_path" "$rvm_environments_path" "$rvm_wrappers_path"
+ [[ -L /home/ubuntu/.rvm/environments/default ]]
+ command ln -fs /home/ubuntu/.rvm/environments/ruby-3.4.4 /home/ubuntu/.rvm/environments/default
+ for _path in "$rvm_rubies_path" "$rvm_gems_path" "$rvm_environments_path" "$rvm_wrappers_path"
+ [[ -L /home/ubuntu/.rvm/wrappers/default ]]
+ command ln -fs /home/ubuntu/.rvm/wrappers/ruby-3.4.4 /home/ubuntu/.rvm/wrappers/default
+ __rvm_db_ /home/ubuntu/.rvm/config/alias default ruby-3.4.4
+ typeset __db __key __value
+ __db=/home/ubuntu/.rvm/config/alias
+ __key=default
+ shift 2
+ __value=ruby-3.4.4
+ case "${__value}" in
+ __rvm_db_add /home/ubuntu/.rvm/config/alias default ruby-3.4.4
+ typeset __dir=/home/ubuntu/.rvm/config
+ [[ -f /home/ubuntu/.rvm/config/alias ]]
+ __rvm_db_remove /home/ubuntu/.rvm/config/alias default
+ [[ -f /home/ubuntu/.rvm/config/alias ]]
+ __rvm_sed -e '\#^default=# d' -e '/^$/d' /home/ubuntu/.rvm/config/alias
+ sed -e '\#^default=# d' -e '/^$/d' /home/ubuntu/.rvm/config/alias
+ command mv -f /home/ubuntu/.rvm/config/alias.new /home/ubuntu/.rvm/config/alias
+ printf '%b=%b\n' default ruby-3.4.4
